 SimpleStack

 Timestamp is 40e84445 (Sun Jul 04 18:54:13 2004)

 Preferred load address is 00400000

 Start         Length     Name                   Class
 0001:00000000 00003b88H .text                   CODE
 0002:00000000 000000c4H .idata$5                DATA
 0002:000000d0 00000c40H .rdata                  DATA
 0002:00000d10 00000058H .rdata$debug            DATA
 0002:00000d70 00000008H .rdata$sxdata           DATA
 0002:00000d78 00000004H .rtc$IAA                DATA
 0002:00000d7c 00000004H .rtc$IZZ                DATA
 0002:00000d80 00000004H .rtc$TAA                DATA
 0002:00000d84 00000004H .rtc$TZZ                DATA
 0002:00000d88 00000014H .idata$2                DATA
 0002:00000d9c 00000014H .idata$3                DATA
 0002:00000db0 000000c4H .idata$4                DATA
 0002:00000e74 00000366H .idata$6                DATA
 0002:000011da 00000000H .edata                  DATA
 0003:00000000 00000004H .CRT$XCA                DATA
 0003:00000004 00000004H .CRT$XCAA               DATA
 0003:00000008 00000004H .CRT$XCZ                DATA
 0003:0000000c 00000004H .CRT$XIA                DATA
 0003:00000010 00000008H .CRT$XIC                DATA
 0003:00000018 00000004H .CRT$XIZ                DATA
 0003:0000001c 00000004H .CRT$XPA                DATA
 0003:00000020 00000004H .CRT$XPZ                DATA
 0003:00000024 00000004H .CRT$XTA                DATA
 0003:00000028 00000004H .CRT$XTZ                DATA
 0003:00000030 00000274H .data                   DATA
 0003:000002c0 00000598H .bss                    DATA

  Address         Publics by Value              Rva+Base     Lib:Object

 0000:00000000       __except_list              00000000     <absolute>
 0000:00000002       ___safe_se_handler_count   00000002     <absolute>
 0001:00000000       _func                      00401000 f   func.obj
 0001:00000010       _func2                     00401010 f   func2.obj
 0001:00000020       _func3                     00401020 f   func3.obj
 0001:00000030       _main                      00401030 f   SimpleStack.obj
 0001:0000003c       __amsg_exit                0040103c f   LIBC:crt0.obj
 0001:00000061       _mainCRTStartup            00401061 f   LIBC:crt0.obj
 0001:00000228       ___crtExitProcess          00401228 f   LIBC:crt0dat.obj
 0001:00000258       __cinit                    00401258 f   LIBC:crt0dat.obj
 0001:00000383       _exit                      00401383 f   LIBC:crt0dat.obj
 0001:00000394       __exit                     00401394 f   LIBC:crt0dat.obj
 0001:000003a5       __cexit                    004013a5 f   LIBC:crt0dat.obj
 0001:000003b4       __c_exit                   004013b4 f   LIBC:crt0dat.obj
 0001:000003c3       __NMSG_WRITE               004013c3 f   LIBC:crt0msg.obj
 0001:0000053a       __FF_MSGBANNER             0040153a f   LIBC:crt0msg.obj
 0001:00000573       __XcptFilter               00401573 f   LIBC:winxfltr.obj
 0001:000006e4       __setenvp                  004016e4 f   LIBC:stdenvp.obj
 0001:00000917       __setargv                  00401917 f   LIBC:stdargv.obj
 0001:000009b9       ___crtGetEnvironmentStringsA 004019b9 f   LIBC:a_env.obj
 0001:00000adb       __ioinit                   00401adb f   LIBC:ioinit.obj
 0001:00000c86       __RTC_Initialize           00401c86 f   LIBC:initsect.obj
 0001:00000cca       __RTC_Terminate            00401cca f   LIBC:initsect.obj
 0001:00000d0e       ___heap_select             00401d0e f   LIBC:heapinit.obj
 0001:00000d28       __heap_init                00401d28 f   LIBC:heapinit.obj
 0001:00000d7c       __SEH_prolog               00401d7c f   LIBC:sehprolg.obj
 0001:00000db7       __SEH_epilog               00401db7 f   LIBC:sehprolg.obj
 0001:00000dd0       __except_handler3          00401dd0 f   LIBC:exsup3.obj
 0001:00000eb6       __seh_longjmp_unwind@4     00401eb6 f   LIBC:exsup3.obj
 0001:00000ee0       __chkstk                   00401ee0 f   LIBC:chkstk.obj
 0001:00000ee0       __alloca_probe             00401ee0     LIBC:chkstk.obj
 0001:00000f1d       __onexit                   00401f1d f   LIBC:onexit.obj
 0001:00000f9f       _atexit                    00401f9f f   LIBC:onexit.obj
 0001:00000fb1       ___onexitinit              00401fb1 f   LIBC:onexit.obj
 0001:00000fd9       ___crtMessageBoxA          00401fd9 f   LIBC:crtmbox.obj
 0001:000010e0       _strcpy                    004020e0 f   LIBC:strcat.obj
 0001:000010f0       _strcat                    004020f0 f   LIBC:strcat.obj
 0001:000011e0       _strncpy                   004021e0 f   LIBC:strncpy.obj
 0001:00001310       _strlen                    00402310 f   LIBC:strlen.obj
 0001:000013cc       @__security_check_cookie@4 004023cc f   LIBC:secchk.obj
 0001:000013da       _free                      004023da f   LIBC:free.obj
 0001:00001412       __heap_alloc               00402412 f   LIBC:malloc.obj
 0001:00001458       __nh_malloc                00402458 f   LIBC:malloc.obj
 0001:00001484       _malloc                    00402484 f   LIBC:malloc.obj
 0001:0000167a       __setmbcp                  0040267a f   LIBC:mbctype.obj
 0001:00001860       ___initmbctable            00402860 f   LIBC:mbctype.obj
 0001:00001880       _memcpy                    00402880 f   LIBC:memcpy.obj
 0001:00001bbd       ___sbh_heap_init           00402bbd f   LIBC:sbheap.obj
 0001:00001c05       ___sbh_find_block          00402c05 f   LIBC:sbheap.obj
 0001:00001c30       ___sbh_free_block          00402c30 f   LIBC:sbheap.obj
 0001:00001f48       ___sbh_alloc_new_region    00402f48 f   LIBC:sbheap.obj
 0001:00001fff       ___sbh_alloc_new_group     00402fff f   LIBC:sbheap.obj
 0001:00002105       ___sbh_resize_block        00403105 f   LIBC:sbheap.obj
 0001:000023e4       ___sbh_alloc_block         004033e4 f   LIBC:sbheap.obj
 0001:000026e0       __global_unwind2           004036e0 f   LIBC:exsup.obj
 0001:00002722       __local_unwind2            00403722 f   LIBC:exsup.obj
 0001:0000277a       __NLG_Return2              0040377a     LIBC:exsup.obj
 0001:0000278a       __abnormal_termination     0040378a f   LIBC:exsup.obj
 0001:000027ad       __NLG_Notify1              004037ad f   LIBC:exsup.obj
 0001:000027b6       __NLG_Notify               004037b6 f   LIBC:exsup.obj
 0001:000027c9       __NLG_Dispatch             004037c9     LIBC:exsup.obj
 0001:000027ce       __ValidateEH3RN            004037ce f   LIBC:eh3valid.obj
 0001:000029f7       _realloc                   004039f7 f   LIBC:realloc.obj
 0001:00002b59       __msize                    00403b59 f   LIBC:msize.obj
 0001:00002b91       ___security_init_cookie    00403b91 f   LIBC:seccinit.obj
 0001:00002bf7       ___security_error_handler  00403bf7 f   LIBC:secfail.obj
 0001:00002d3f       __callnewh                 00403d3f f   LIBC:handler.obj
 0001:00002d5a       ___crtLCMapStringA         00403d5a f   LIBC:a_map.obj
 0001:00003116       ___crtGetStringTypeA       00404116 f   LIBC:a_str.obj
 0001:000032d0       _memmove                   004042d0 f   LIBC:memmove.obj
 0001:00003610       _memset                    00404610 f   LIBC:memset.obj
 0001:00003670       ___ansicp                  00404670 f   LIBC:convrtcp.obj
 0001:000036b3       ___convertcp               004046b3 f   LIBC:convrtcp.obj
 0001:0000387c       __resetstkoflw             0040487c f   LIBC:resetstk.obj
 0001:0000395f       _calloc                    0040495f f   LIBC:calloc.obj
 0001:000039da       _atol                      004049da f   LIBC:atox.obj
 0001:00003a32       __ismbcspace               00404a32 f   LIBC:ismbspc.obj
 0001:00003ad0       __allmul                   00404ad0 f   LIBC:llmul.obj
 0001:00003b04       __isctype                  00404b04 f   LIBC:isctype.obj
 0001:00003b82       _RtlUnwind@16              00404b82 f   kernel32:KERNEL32.dll
 0002:00000000       __imp__GetModuleHandleA@4  00405000     kernel32:KERNEL32.dll
 0002:00000004       __imp__GetCommandLineA@0   00405004     kernel32:KERNEL32.dll
 0002:00000008       __imp__GetVersionExA@4     00405008     kernel32:KERNEL32.dll
 0002:0000000c       __imp__ExitProcess@4       0040500c     kernel32:KERNEL32.dll
 0002:00000010       __imp__GetProcAddress@8    00405010     kernel32:KERNEL32.dll
 0002:00000014       __imp__TerminateProcess@8  00405014     kernel32:KERNEL32.dll
 0002:00000018       __imp__GetCurrentProcess@0 00405018     kernel32:KERNEL32.dll
 0002:0000001c       __imp__WriteFile@20        0040501c     kernel32:KERNEL32.dll
 0002:00000020       __imp__GetStdHandle@4      00405020     kernel32:KERNEL32.dll
 0002:00000024       __imp__GetModuleFileNameA@12 00405024     kernel32:KERNEL32.dll
 0002:00000028       __imp__UnhandledExceptionFilter@4 00405028     kernel32:KERNEL32.dll
 0002:0000002c       __imp__FreeEnvironmentStringsA@4 0040502c     kernel32:KERNEL32.dll
 0002:00000030       __imp__GetEnvironmentStrings@0 00405030     kernel32:KERNEL32.dll
 0002:00000034       __imp__FreeEnvironmentStringsW@4 00405034     kernel32:KERNEL32.dll
 0002:00000038       __imp__WideCharToMultiByte@32 00405038     kernel32:KERNEL32.dll
 0002:0000003c       __imp__GetLastError@0      0040503c     kernel32:KERNEL32.dll
 0002:00000040       __imp__GetEnvironmentStringsW@0 00405040     kernel32:KERNEL32.dll
 0002:00000044       __imp__SetHandleCount@4    00405044     kernel32:KERNEL32.dll
 0002:00000048       __imp__GetFileType@4       00405048     kernel32:KERNEL32.dll
 0002:0000004c       __imp__GetStartupInfoA@4   0040504c     kernel32:KERNEL32.dll
 0002:00000050       __imp__HeapDestroy@4       00405050     kernel32:KERNEL32.dll
 0002:00000054       __imp__HeapCreate@12       00405054     kernel32:KERNEL32.dll
 0002:00000058       __imp__VirtualFree@12      00405058     kernel32:KERNEL32.dll
 0002:0000005c       __imp__HeapFree@12         0040505c     kernel32:KERNEL32.dll
 0002:00000060       __imp__LoadLibraryA@4      00405060     kernel32:KERNEL32.dll
 0002:00000064       __imp__HeapAlloc@12        00405064     kernel32:KERNEL32.dll
 0002:00000068       __imp__GetACP@0            00405068     kernel32:KERNEL32.dll
 0002:0000006c       __imp__GetOEMCP@0          0040506c     kernel32:KERNEL32.dll
 0002:00000070       __imp__GetCPInfo@8         00405070     kernel32:KERNEL32.dll
 0002:00000074       __imp__VirtualAlloc@16     00405074     kernel32:KERNEL32.dll
 0002:00000078       __imp__HeapReAlloc@16      00405078     kernel32:KERNEL32.dll
 0002:0000007c       __imp__RtlUnwind@16        0040507c     kernel32:KERNEL32.dll
 0002:00000080       __imp__InterlockedExchange@8 00405080     kernel32:KERNEL32.dll
 0002:00000084       __imp__VirtualQuery@12     00405084     kernel32:KERNEL32.dll
 0002:00000088       __imp__HeapSize@12         00405088     kernel32:KERNEL32.dll
 0002:0000008c       __imp__QueryPerformanceCounter@4 0040508c     kernel32:KERNEL32.dll
 0002:00000090       __imp__GetTickCount@0      00405090     kernel32:KERNEL32.dll
 0002:00000094       __imp__GetCurrentThreadId@0 00405094     kernel32:KERNEL32.dll
 0002:00000098       __imp__GetCurrentProcessId@0 00405098     kernel32:KERNEL32.dll
 0002:0000009c       __imp__GetSystemTimeAsFileTime@4 0040509c     kernel32:KERNEL32.dll
 0002:000000a0       __imp__LCMapStringA@24     004050a0     kernel32:KERNEL32.dll
 0002:000000a4       __imp__MultiByteToWideChar@24 004050a4     kernel32:KERNEL32.dll
 0002:000000a8       __imp__LCMapStringW@24     004050a8     kernel32:KERNEL32.dll
 0002:000000ac       __imp__GetStringTypeA@20   004050ac     kernel32:KERNEL32.dll
 0002:000000b0       __imp__GetStringTypeW@16   004050b0     kernel32:KERNEL32.dll
 0002:000000b4       __imp__GetLocaleInfoA@16   004050b4     kernel32:KERNEL32.dll
 0002:000000b8       __imp__VirtualProtect@16   004050b8     kernel32:KERNEL32.dll
 0002:000000bc       __imp__GetSystemInfo@4     004050bc     kernel32:KERNEL32.dll
 0002:000000c0       \177KERNEL32_NULL_THUNK_DATA 004050c0     kernel32:KERNEL32.dll
 0002:000000fc       ??_C@_0P@MIGLKIOC@CorExitProcess?$AA@ 004050fc     LIBC:crt0dat.obj
 0002:0000010c       ??_C@_0M@MBOPBNBK@mscoree?4dll?$AA@ 0040510c     LIBC:crt0dat.obj
 0002:00000118       ??_C@_0P@GGKDKEEG@runtime?5error?5?$AA@ 00405118     LIBC:crt0msg.obj
 0002:00000128       ??_C@_02PCIJFNDE@?$AN?6?$AA@ 00405128     LIBC:crt0msg.obj
 0002:0000012c       ??_C@_0O@MJNIPGOH@TLOSS?5error?$AN?6?$AA@ 0040512c     LIBC:crt0msg.obj
 0002:0000013c       ??_C@_0N@BONNPDHF@SING?5error?$AN?6?$AA@ 0040513c     LIBC:crt0msg.obj
 0002:0000014c       ??_C@_0P@MBDAJNE@DOMAIN?5error?$AN?6?$AA@ 0040514c     LIBC:crt0msg.obj
 0002:00000160       ??_C@_0KC@BDDGGBEJ@R6029?$AN?6?9?5This?5application?5cannot@ 00405160     LIBC:crt0msg.obj
 0002:00000204       ??_C@_0CF@KJDAIALP@R6028?$AN?6?9?5unable?5to?5initialize?5he@ 00405204     LIBC:crt0msg.obj
 0002:0000022c       ??_C@_0DF@GAKBPDFP@R6027?$AN?6?9?5not?5enough?5space?5for?5lo@ 0040522c     LIBC:crt0msg.obj
 0002:00000264       ??_C@_0DF@IBLNNAIG@R6026?$AN?6?9?5not?5enough?5space?5for?5st@ 00405264     LIBC:crt0msg.obj
 0002:0000029c       ??_C@_0CG@IOHKGFNJ@R6025?$AN?6?9?5pure?5virtual?5function?5c@ 0040529c     LIBC:crt0msg.obj
 0002:000002c4       ??_C@_0DF@JIJJFJDC@R6024?$AN?6?9?5not?5enough?5space?5for?5_o@ 004052c4     LIBC:crt0msg.obj
 0002:000002fc       ??_C@_0CJ@EGEJHFME@R6019?$AN?6?9?5unable?5to?5open?5console?5@ 004052fc     LIBC:crt0msg.obj
 0002:00000328       ??_C@_0CB@GNHNIELH@R6018?$AN?6?9?5unexpected?5heap?5error?$AN?6@ 00405328     LIBC:crt0msg.obj
 0002:0000034c       ??_C@_0CN@FOLDKNG@R6017?$AN?6?9?5unexpected?5multithread?5@ 0040534c     LIBC:crt0msg.obj
 0002:0000037c       ??_C@_0CM@FAHFJNHO@R6016?$AN?6?9?5not?5enough?5space?5for?5th@ 0040537c     LIBC:crt0msg.obj
 0002:000003a8       ??_C@_0JG@LBKMGKLD@?$AN?6This?5application?5has?5requested@ 004053a8     LIBC:crt0msg.obj
 0002:00000440       ??_C@_0CM@FLCNIPKK@R6009?$AN?6?9?5not?5enough?5space?5for?5en@ 00405440     LIBC:crt0msg.obj
 0002:0000046c       ??_C@_0CK@KMMJOAPP@R6008?$AN?6?9?5not?5enough?5space?5for?5ar@ 0040546c     LIBC:crt0msg.obj
 0002:00000498       ??_C@_0CF@HOHMHDEK@R6002?$AN?6?9?5floating?5point?5not?5load@ 00405498     LIBC:crt0msg.obj
 0002:000004c0       ??_C@_0CF@GOGNBNAK@Microsoft?5Visual?5C?$CL?$CL?5Runtime?5Lib@ 004054c0     LIBC:crt0msg.obj
 0002:000004e8       ??_C@_02PHMGELLB@?6?6?$AA@ 004054e8     LIBC:crt0msg.obj
 0002:000004ec       ??_C@_0BK@OFGJDLJJ@Runtime?5Error?$CB?6?6Program?3?5?$AA@ 004054ec     LIBC:crt0msg.obj
 0002:00000508       ??_C@_03KHICJKCI@?4?4?4?$AA@ 00405508     LIBC:crt0msg.obj
 0002:0000050c       ??_C@_0BH@DNAGHKFM@?$DMprogram?5name?5unknown?$DO?$AA@ 0040550c     LIBC:crt0msg.obj
 0002:00000544       ??_C@_0BI@DFKBFLJE@GetProcessWindowStation?$AA@ 00405544     LIBC:crtmbox.obj
 0002:0000055c       ??_C@_0BK@CIDNPOGP@GetUserObjectInformationA?$AA@ 0040555c     LIBC:crtmbox.obj
 0002:00000578       ??_C@_0BD@HHGDFDBJ@GetLastActivePopup?$AA@ 00405578     LIBC:crtmbox.obj
 0002:0000058c       ??_C@_0BA@HNOPNCHB@GetActiveWindow?$AA@ 0040558c     LIBC:crtmbox.obj
 0002:0000059c       ??_C@_0M@CHKKJDAI@MessageBoxA?$AA@ 0040559c     LIBC:crtmbox.obj
 0002:000005a8       ??_C@_0L@GMPLCCII@user32?4dll?$AA@ 004055a8     LIBC:crtmbox.obj
 0002:000005c4       ??_C@_09KLGCKDOD@Program?3?5?$AA@ 004055c4     LIBC:secfail.obj
 0002:000005d0       ??_C@_0KA@JEHFIFGP@A?5buffer?5overrun?5has?5been?5detect@ 004055d0     LIBC:secfail.obj
 0002:00000670       ??_C@_0BJ@MDEKIEOJ@Buffer?5overrun?5detected?$CB?$AA@ 00405670     LIBC:secfail.obj
 0002:00000690       ??_C@_0LB@BPLHHLFD@A?5security?5error?5of?5unknown?5caus@ 00405690     LIBC:secfail.obj
 0002:00000744       ??_C@_0CD@GMKACBEK@Unknown?5security?5failure?5detecte@ 00405744     LIBC:secfail.obj
 0002:00000774       ??_C@_13NOLLCAOD@?$AA?$AA?$AA?$AA@ 00405774     LIBC:a_map.obj
 0002:000007c0       ___newctype                004057c0     LIBC:ctype.obj
 0002:00000ac0       __wctype                   00405ac0     LIBC:ctype.obj
 0002:00000cc8       __load_config_used         00405cc8     LIBC:loadcfg.obj
 0002:00000d70       ___safe_se_handler_table   00405d70     <linker-defined>
 0002:00000d78       ___rtc_iaa                 00405d78     LIBC:initsect.obj
 0002:00000d7c       ___rtc_izz                 00405d7c     LIBC:initsect.obj
 0002:00000d80       ___rtc_taa                 00405d80     LIBC:initsect.obj
 0002:00000d84       ___rtc_tzz                 00405d84     LIBC:initsect.obj
 0002:00000d88       __IMPORT_DESCRIPTOR_KERNEL32 00405d88     kernel32:KERNEL32.dll
 0002:00000d9c       __NULL_IMPORT_DESCRIPTOR   00405d9c     kernel32:KERNEL32.dll
 0003:00000000       ___xc_a                    00407000     LIBC:crt0init.obj
 0003:00000008       ___xc_z                    00407008     LIBC:crt0init.obj
 0003:0000000c       ___xi_a                    0040700c     LIBC:crt0init.obj
 0003:00000018       ___xi_z                    00407018     LIBC:crt0init.obj
 0003:0000001c       ___xp_a                    0040701c     LIBC:crt0init.obj
 0003:00000020       ___xp_z                    00407020     LIBC:crt0init.obj
 0003:00000024       ___xt_a                    00407024     LIBC:crt0init.obj
 0003:00000028       ___xt_z                    00407028     LIBC:crt0init.obj
 0003:00000030       __aexit_rtn                00407030     LIBC:crt0.obj
 0003:00000034       ___app_type                00407034     LIBC:crt0.obj
 0003:000000d0       __XcptActTab               004070d0     LIBC:winxfltr.obj
 0003:00000148       __First_FPE_Indx           00407148     LIBC:winxfltr.obj
 0003:0000014c       __Num_FPE                  0040714c     LIBC:winxfltr.obj
 0003:00000150       __XcptActTabCount          00407150     LIBC:winxfltr.obj
 0003:00000154       __fpecode                  00407154     LIBC:winxfltr.obj
 0003:00000158       ___badioinfo               00407158     LIBC:ioinit.obj
 0003:00000160       __amblksiz                 00407160     LIBC:heapinit.obj
 0003:00000170       ___security_cookie         00407170     LIBC:seccook.obj
 0003:00000270       __NLG_Destination          00407270     LIBC:exsup.obj
 0003:00000280       ___lc_clike                00407280     LIBC:nlsdata2.obj
 0003:00000290       __pctype                   00407290     LIBC:ctype.obj
 0003:00000294       __pwctype                  00407294     LIBC:ctype.obj
 0003:00000298       ___mb_cur_max              00407298     LIBC:nlsdata1.obj
 0003:0000029c       ___decimal_point           0040729c     LIBC:nlsdata1.obj
 0003:000002a0       ___decimal_point_length    004072a0     LIBC:nlsdata1.obj
 0003:000002c0       __aenvptr                  004072c0     LIBC:crt0.obj
 0003:000002c4       __wenvptr                  004072c4     LIBC:crt0.obj
 0003:000002c8       ___error_mode              004072c8     LIBC:crt0.obj
 0003:000002cc       _errno                     004072cc     LIBC:crt0dat.obj
 0003:000002d0       __doserrno                 004072d0     LIBC:crt0dat.obj
 0003:000002d4       __umaskval                 004072d4     LIBC:crt0dat.obj
 0003:000002d8       __osplatform               004072d8     LIBC:crt0dat.obj
 0003:000002dc       __osver                    004072dc     LIBC:crt0dat.obj
 0003:000002e0       __winver                   004072e0     LIBC:crt0dat.obj
 0003:000002e4       __winmajor                 004072e4     LIBC:crt0dat.obj
 0003:000002e8       __winminor                 004072e8     LIBC:crt0dat.obj
 0003:000002ec       ___argc                    004072ec     LIBC:crt0dat.obj
 0003:000002f0       ___argv                    004072f0     LIBC:crt0dat.obj
 0003:000002f4       ___wargv                   004072f4     LIBC:crt0dat.obj
 0003:000002f8       __environ                  004072f8     LIBC:crt0dat.obj
 0003:000002fc       ___initenv                 004072fc     LIBC:crt0dat.obj
 0003:00000300       __wenviron                 00407300     LIBC:crt0dat.obj
 0003:00000304       ___winitenv                00407304     LIBC:crt0dat.obj
 0003:00000308       __pgmptr                   00407308     LIBC:crt0dat.obj
 0003:0000030c       __wpgmptr                  0040730c     LIBC:crt0dat.obj
 0003:00000310       __exitflag                 00407310     LIBC:crt0dat.obj
 0003:00000314       __C_Termination_Done       00407314     LIBC:crt0dat.obj
 0003:00000318       __C_Exit_Done              00407318     LIBC:crt0dat.obj
 0003:0000031c       __adbgmsg                  0040731c     LIBC:crt0msg.obj
 0003:00000320       __pxcptinfoptrs            00407320     LIBC:winxfltr.obj
 0003:000004a0       ?_pnhHeap@@3P6AHI@ZA       004074a0     LIBC:handler.obj
 0003:000004a4       __newmode                  004074a4     LIBC:_newmode.obj
 0003:000004a8       ___lc_handle               004074a8     LIBC:nlsdata2.obj
 0003:000004c0       ___lc_codepage             004074c0     LIBC:nlsdata2.obj
 0003:000004c4       ___lc_collate_cp           004074c4     LIBC:nlsdata2.obj
 0003:000004d0       ___sbh_pHeaderDefer        004074d0     <common>
 0003:000004d4       ___sbh_cntHeaderList       004074d4     <common>
 0003:000004d8       ___sbh_pHeaderList         004074d8     <common>
 0003:000004dc       ___sbh_threshold           004074dc     <common>
 0003:000004e0       ___sbh_pHeaderScan         004074e0     <common>
 0003:000004e4       ___sbh_sizeHeaderList      004074e4     <common>
 0003:000004e8       ___sbh_indGroupDefer       004074e8     <common>
 0003:000004ec       ___mblcid                  004074ec     <common>
 0003:000004f0       ___ismbcodepage            004074f0     <common>
 0003:00000500       __mbctype                  00407500     <common>
 0003:00000604       ___mbcodepage              00407604     <common>
 0003:00000610       ___mbulinfo                00407610     <common>
 0003:00000620       __mbcasemap                00407620     <common>
 0003:00000720       __crtheap                  00407720     <common>
 0003:00000724       ___active_heap             00407724     <common>
 0003:00000728       __nhandle                  00407728     <common>
 0003:00000740       ___pioinfo                 00407740     <common>
 0003:00000840       ___env_initialized         00407840     <common>
 0003:00000844       ___onexitend               00407844     <common>
 0003:00000848       ___onexitbegin             00407848     <common>
 0003:0000084c       ___mbctype_initialized     0040784c     <common>
 0003:00000850       __FPinit                   00407850     <common>
 0003:00000854       __acmdln                   00407854     <common>

 entry point at        0001:00000061

 Static symbols

 0001:000002c2       _doexit                    004012c2 f   LIBC:crt0dat.obj
 0001:000007ab       _parse_cmdline             004017ab f   LIBC:stdargv.obj
 0001:00000ed1       $$$00003                   00401ed1 f   LIBC:exsup3.obj
 0001:0000139b       _report_failure            0040239b f   LIBC:secchk.obj
 0001:00001496       _CPtoLCID                  00402496 f   LIBC:mbctype.obj
 0001:000014c5       _setSBCS                   004024c5 f   LIBC:mbctype.obj
 0001:000014ee       _setSBUpLow                004024ee f   LIBC:mbctype.obj
 0001:000026e0       $$$00001                   004036e0 f   LIBC:exsup.obj
 0001:00002700       __unwind_handler           00403700 f   LIBC:exsup.obj
 0001:00002700       $$$00003                   00403700 f   LIBC:exsup.obj
 0001:00002722       $$$00005                   00403722 f   LIBC:exsup.obj
 0001:0000278a       $$$00007                   0040378a f   LIBC:exsup.obj
 0001:000027ce       $$$00011                   004037ce f   LIBC:exsup.obj
